
> gaia-v1-3-week1-intro@0.1.0 build
> cross-env NODE_OPTIONS=--require=./scripts/suppress-baseline.cjs next build

node.exe :  ظأب Warning: Next.js inferred your workspace root, but it may not be correct.
At line:1 char:1
+ & "C:\Program Files\nodejs/node.exe" "C:\Program Files\nodejs/node_mo ...
+ ~~~~~~~~~~~~~~~~~~~~~~~~~~~~~~~~~~~~~~~~~~~~~~~~~~~~~~~~~~~~~~~~~~~~~
    + CategoryInfo          : NotSpecified: ( ظأب Warning: N...not be correct.:String) [], RemoteExc 
   eption
    + FullyQualifiedErrorId : NativeCommandError
 
 We detected multiple lockfiles and selected the directory of C:\Users\Admin\package-lock.json as 
the root directory.
 To silence this warning, set `turbopack.root` in your Next.js config, or consider removing one of 
the lockfiles if it's not needed.
   See https://nextjs.org/docs/app/api-reference/config/next-config-js/turbopack#root-directory for 
more information.
 Detected additional lockfiles: 
   * C:\Users\Admin\Desktop\Processing\GAIA-CryoVirgin-v5.0\package-lock.json

   ظû▓ Next.js 16.0.10 (Turbopack)

   Creating an optimized production build ...
